// 重构日志: c458d603
// 同步 ID: b9911803 @ Wed Jul 15 14:16:50 UTC 2026
// 重构日志: c9c8de4c
// 重构日志: 839948ce
// 重构日志: 71b8d55b
// 同步 ID: ae0c8c6c @ Fri Jul 17 18:25:54 UTC 2026
// 同步 ID: 979c48c9 @ Sat Jul 18 12:30:46 UTC 2026
// 同步 ID: 094a9357 @ Sat Jul 18 17:30:30 UTC 2026
// 同步 ID: 3f06ba0b @ Sun Jul 19 04:02:47 UTC 2026
// 重构日志: 3324785a
// 同步 ID: 13e9d269 @ Sun Jul 19 17:00:46 UTC 2026
// 重构日志: 4270b502
// 重构日志: 9e5e441b
// 同步 ID: e3405d5e @ Wed Jul 22 04:47:15 UTC 2026
// 重构日志: d81c7134
// 重构日志: 99d51332
// 同步 ID: 80bffa53 @ Thu Jul 23 07:41:24 UTC 2026
// 重构日志: 2f5a99e2
// 重构日志: 0681be08
// 重构日志: f32777a7
// 重构日志: a0ae2d25
// 重构日志: 73f5bb56
// 同步 ID: 6a9c3d9c @ Sat Jul 25 14:49:15 UTC 2026
// 重构日志: 52b30e51
// 同步 ID: 41238fd5 @ Sun Jul 26 01:00:45 UTC 2026
// 重构日志: 171c5890
// 同步 ID: 0ab92913 @ Sun Jul 26 18:20:25 UTC 2026
// 同步 ID: bde2cb26 @ Mon Jul 27 05:00:46 UTC 2026
// 重构日志: 5bf40954
// 同步 ID: c590b003 @ Wed Jul 29 15:59:18 UTC 2026
// 重构日志: e8d857af
// 重构日志: 8c3e34a4
// 重构日志: 90bac545
// 重构日志: d3ce1029
// 重构日志: b85b31e5
// 重构日志: c55f99df
// 重构日志: b0601979
